---
source: tests/snapshots/tco.rs
expression: js
---
function list_len(xs, acc) { while (true) { const __match = xs; if (Array.isArray(__match) && __match.length === 0) { return acc; } else if (Array.isArray(__match) && __match.length >= 1 && true) { const x = __match[0]; const rest = __match.slice(1); [xs, acc] = [rest, acc + 1]; continue; } return undefined; } }
list_len([1, 2, 3, 4, 5], 0)
