---
source: tests/snapshots/error_output.rs
expression: out
---
x
---
[1m[31m error[0m
[90m│[0m  at line 1, col 1
[90m│[0m  [31;4:3mx[0m
[90m└[0m  [1m[31m^[0m
   unbound variable 'x'
===
(defn f [a: Number] -> Number a) (f true)
---
[1m[31m error[0m
[90m│[0m  at line 1, col 1
[90m│[0m  [31;4:3m([0mdefn f [a: Number] -> Number a) (f true)
[90m└[0m  [1m[31m^[0m
   type mismatch: Number vs Bool
===
(+ 1 true)
---
[1m[31m error[0m
[90m│[0m  at line 1, col 1
[90m│[0m  [31;4:3m([0m+ 1 true)
[90m└[0m  [1m[31m^[0m
   type mismatch: Bool vs Number
