---
source: tests/snapshots/exhaustiveness.rs
expression: out
---
(match true [true 1] [false 0])
---
(() => { const __match = true; if (__match === true) { return 1; } else if (__match === false) { return 0; } return undefined; })()
===
(match true [true 1] [_ 0])
---
(() => { const __match = true; if (__match === true) { return 1; } else if (true) { return 0; } return undefined; })()
===
(match 42 [n n])
---
(() => { const __match = 42; if (true) { const n = __match; return n; } return undefined; })()
===
(match 42 [_ 0])
---
(() => { const __match = 42; if (true) { return 0; } return undefined; })()
===
(match [1 2 3] [[] 0] [[h ...t] h])
---
(() => { const __match = [1, 2, 3]; if (Array.isArray(__match) && __match.length === 0) { return 0; } else if (Array.isArray(__match) && __match.length >= 1 && true) { const h = __match[0]; const t = __match.slice(1); return h; } return undefined; })()
