---
source: tests/snapshots/bool_ops.rs
expression: out
---
true
---
true
===
false
---
false
===
(and true false)
---
true && false
===
(or true (and false true))
---
true || false && true
===
(or (and false true) true)
---
false && true || true
===
(or (and true true) false)
---
true && true || false
===
(< 1 2)
---
1 < 2
===
(== (<= 1 2) true)
---
1 <= 2 == true
===
(== (+ 1 2) 3)
---
1 + 2 == 3
===
(defn eq [a: Number b: Number] -> Bool (== a b)) (eq 1 1)
---
function eq(a, b) { return a == b; }
eq(1, 1)
