---
source: tests/snapshots/arithmetic.rs
expression: assert_snapshot
input_file: tests/snapshots/arithmetic.rs
---
1 + 2 * 3
---
1 + 2 * 3
===
(1 + 2) * (3 - 4 / 2)
---
(1 + 2) * (3 - 4 / 2)
===
-1 + 2 * 3
---
0 - 1 + 2 * 3
===
let x = 1 + 2;
let y = x * 3;
y - x
---
let x = 1 + 2;
let y = x * 3;
y - x
===
fn add(a: Number, b: Number): Number = a + b;
let x: Number = add(2, 3);
add(x, 4)
---
function add(a, b) { return a + b; }
let x = add(2, 3);
add(x, 4)
===
let hello: String = "hi";
hello + "!"
---
let hello = "hi";
hello + "!"
